// Jest Snapshot v1, https://goo.gl/fbAQLP

exports[`<Well> game over well state 1`] = `
<table>
  <tbody>
    <tr
      key="0"
    >
      <td
        className="well__cell"
        key="0"
      />
      <td
        className="well__cell"
        key="1"
      />
      <td
        className="well__cell"
        key="2"
      />
      <td
        className="well__cell"
        key="3"
      />
      <td
        className="well__cell"
        key="4"
      />
      <td
        className="well__cell"
        key="5"
      />
      <td
        className="well__cell"
        key="6"
      />
      <td
        className="well__cell"
        key="7"
      />
      <td
        className="well__cell"
        key="8"
      />
      <td
        className="well__cell"
        key="9"
      />
    </tr>
    <tr
      key="1"
    >
      <td
        className="well__cell"
        key="0"
      />
      <td
        className="well__cell"
        key="1"
      />
      <td
        className="well__cell"
        key="2"
      />
      <td
        className="well__cell"
        key="3"
      />
      <td
        className="well__cell"
        key="4"
      />
      <td
        className="well__cell"
        key="5"
      />
      <td
        className="well__cell"
        key="6"
      />
      <td
        className="well__cell"
        key="7"
      />
      <td
        className="well__cell"
        key="8"
      />
      <td
        className="well__cell"
        key="9"
      />
    </tr>
    <tr
      key="2"
    >
      <td
        className="well__cell"
        key="0"
      />
      <td
        className="well__cell"
        key="1"
      />
      <td
        className="well__cell"
        key="2"
      />
      <td
        className="well__cell"
        key="3"
      />
      <td
        className="well__cell"
        key="4"
      />
      <td
        className="well__cell"
        key="5"
      />
      <td
        className="well__cell"
        key="6"
      />
      <td
        className="well__cell"
        key="7"
      />
      <td
        className="well__cell"
        key="8"
      />
      <td
        className="well__cell"
        key="9"
      />
    </tr>
    <tr
      key="3"
    >
      <td
        className="well__cell"
        key="0"
      />
      <td
        className="well__cell"
        key="1"
      />
      <td
        className="well__cell"
        key="2"
      />
      <td
        className="well__cell well__cell--landed"
        key="3"
      />
      <td
        className="well__cell well__cell--landed"
        key="4"
      />
      <td
        className="well__cell"
        key="5"
      />
      <td
        className="well__cell"
        key="6"
      />
      <td
        className="well__cell"
        key="7"
      />
      <td
        className="well__cell"
        key="8"
      />
      <td
        className="well__cell"
        key="9"
      />
    </tr>
    <tr
      key="4"
    >
      <td
        className="well__cell well__cell--bar"
        key="0"
      />
      <td
        className="well__cell well__cell--bar"
        key="1"
      />
      <td
        className="well__cell well__cell--bar"
        key="2"
      />
      <td
        className="well__cell well__cell--bar"
        key="3"
      />
      <td
        className="well__cell well__cell--bar well__cell--landed"
        key="4"
      />
      <td
        className="well__cell well__cell--bar well__cell--landed"
        key="5"
      />
      <td
        className="well__cell well__cell--bar"
        key="6"
      />
      <td
        className="well__cell well__cell--bar"
        key="7"
      />
      <td
        className="well__cell well__cell--bar"
        key="8"
      />
      <td
        className="well__cell well__cell--bar"
        key="9"
      />
    </tr>
    <tr
      key="5"
    >
      <td
        className="well__cell"
        key="0"
      />
      <td
        className="well__cell"
        key="1"
      />
      <td
        className="well__cell"
        key="2"
      />
      <td
        className="well__cell"
        key="3"
      />
      <td
        className="well__cell"
        key="4"
      />
      <td
        className="well__cell well__cell--landed"
        key="5"
      />
      <td
        className="well__cell"
        key="6"
      />
      <td
        className="well__cell"
        key="7"
      />
      <td
        className="well__cell"
        key="8"
      />
      <td
        className="well__cell"
        key="9"
      />
    </tr>
    <tr
      key="6"
    >
      <td
        className="well__cell"
        key="0"
      />
      <td
        className="well__cell well__cell--landed"
        key="1"
      />
      <td
        className="well__cell well__cell--landed"
        key="2"
      />
      <td
        className="well__cell"
        key="3"
      />
      <td
        className="well__cell"
        key="4"
      />
      <td
        className="well__cell well__cell--landed"
        key="5"
      />
      <td
        className="well__cell"
        key="6"
      />
      <td
        className="well__cell"
        key="7"
      />
      <td
        className="well__cell well__cell--landed"
        key="8"
      />
      <td
        className="well__cell"
        key="9"
      />
    </tr>
    <tr
      key="7"
    >
      <td
        className="well__cell well__cell--landed"
        key="0"
      />
      <td
        className="well__cell well__cell--landed"
        key="1"
      />
      <td
        className="well__cell well__cell--landed"
        key="2"
      />
      <td
        className="well__cell well__cell--landed"
        key="3"
      />
      <td
        className="well__cell"
        key="4"
      />
      <td
        className="well__cell well__cell--landed"
        key="5"
      />
      <td
        className="well__cell well__cell--landed"
        key="6"
      />
      <td
        className="well__cell well__cell--landed"
        key="7"
      />
      <td
        className="well__cell well__cell--landed"
        key="8"
      />
      <td
        className="well__cell well__cell--landed"
        key="9"
      />
    </tr>
    <tr
      key="8"
    >
      <td
        className="well__cell well__cell--landed"
        key="0"
      />
      <td
        className="well__cell well__cell--landed"
        key="1"
      />
      <td
        className="well__cell"
        key="2"
      />
      <td
        className="well__cell well__cell--landed"
        key="3"
      />
      <td
        className="well__cell well__cell--landed"
        key="4"
      />
      <td
        className="well__cell well__cell--landed"
        key="5"
      />
      <td
        className="well__cell well__cell--landed"
        key="6"
      />
      <td
        className="well__cell"
        key="7"
      />
      <td
        className="well__cell well__cell--landed"
        key="8"
      />
      <td
        className="well__cell"
        key="9"
      />
    </tr>
    <tr
      key="9"
    >
      <td
        className="well__cell well__cell--landed"
        key="0"
      />
      <td
        className="well__cell well__cell--landed"
        key="1"
      />
      <td
        className="well__cell well__cell--landed"
        key="2"
      />
      <td
        className="well__cell well__cell--landed"
        key="3"
      />
      <td
        className="well__cell well__cell--landed"
        key="4"
      />
      <td
        className="well__cell well__cell--landed"
        key="5"
      />
      <td
        className="well__cell well__cell--landed"
        key="6"
      />
      <td
        className="well__cell"
        key="7"
      />
      <td
        className="well__cell well__cell--landed"
        key="8"
      />
      <td
        className="well__cell well__cell--landed"
        key="9"
      />
    </tr>
    <tr
      key="10"
    >
      <td
        className="well__cell well__cell--landed"
        key="0"
      />
      <td
        className="well__cell"
        key="1"
      />
      <td
        className="well__cell well__cell--landed"
        key="2"
      />
      <td
        className="well__cell well__cell--landed"
        key="3"
      />
      <td
        className="well__cell well__cell--landed"
        key="4"
      />
      <td
        className="well__cell well__cell--landed"
        key="5"
      />
      <td
        className="well__cell well__cell--landed"
        key="6"
      />
      <td
        className="well__cell well__cell--landed"
        key="7"
      />
      <td
        className="well__cell"
        key="8"
      />
      <td
        className="well__cell well__cell--landed"
        key="9"
      />
    </tr>
    <tr
      key="11"
    >
      <td
        className="well__cell well__cell--landed"
        key="0"
      />
      <td
        className="well__cell"
        key="1"
      />
      <td
        className="well__cell well__cell--landed"
        key="2"
      />
      <td
        className="well__cell"
        key="3"
      />
      <td
        className="well__cell well__cell--landed"
        key="4"
      />
      <td
        className="well__cell well__cell--landed"
        key="5"
      />
      <td
        className="well__cell well__cell--landed"
        key="6"
      />
      <td
        className="well__cell"
        key="7"
      />
      <td
        className="well__cell"
        key="8"
      />
      <td
        className="well__cell well__cell--landed"
        key="9"
      />
    </tr>
    <tr
      key="12"
    >
      <td
        className="well__cell well__cell--landed"
        key="0"
      />
      <td
        className="well__cell well__cell--landed"
        key="1"
      />
      <td
        className="well__cell well__cell--landed"
        key="2"
      />
      <td
        className="well__cell well__cell--landed"
        key="3"
      />
      <td
        className="well__cell well__cell--landed"
        key="4"
      />
      <td
        className="well__cell well__cell--landed"
        key="5"
      />
      <td
        className="well__cell well__cell--landed"
        key="6"
      />
      <td
        className="well__cell"
        key="7"
      />
      <td
        className="well__cell well__cell--landed"
        key="8"
      />
      <td
        className="well__cell well__cell--landed"
        key="9"
      />
    </tr>
    <tr
      key="13"
    >
      <td
        className="well__cell well__cell--landed"
        key="0"
      />
      <td
        className="well__cell well__cell--landed"
        key="1"
      />
      <td
        className="well__cell well__cell--landed"
        key="2"
      />
      <td
        className="well__cell well__cell--landed"
        key="3"
      />
      <td
        className="well__cell well__cell--landed"
        key="4"
      />
      <td
        className="well__cell"
        key="5"
      />
      <td
        className="well__cell"
        key="6"
      />
      <td
        className="well__cell well__cell--landed"
        key="7"
      />
      <td
        className="well__cell well__cell--landed"
        key="8"
      />
      <td
        className="well__cell"
        key="9"
      />
    </tr>
    <tr
      key="14"
    >
      <td
        className="well__cell well__cell--landed"
        key="0"
      />
      <td
        className="well__cell well__cell--landed"
        key="1"
      />
      <td
        className="well__cell well__cell--landed"
        key="2"
      />
      <td
        className="well__cell well__cell--landed"
        key="3"
      />
      <td
        className="well__cell well__cell--landed"
        key="4"
      />
      <td
        className="well__cell"
        key="5"
      />
      <td
        className="well__cell well__cell--landed"
        key="6"
      />
      <td
        className="well__cell well__cell--landed"
        key="7"
      />
      <td
        className="well__cell well__cell--landed"
        key="8"
      />
      <td
        className="well__cell well__cell--landed"
        key="9"
      />
    </tr>
    <tr
      key="15"
    >
      <td
        className="well__cell"
        key="0"
      />
      <td
        className="well__cell well__cell--landed"
        key="1"
      />
      <td
        className="well__cell well__cell--landed"
        key="2"
      />
      <td
        className="well__cell well__cell--landed"
        key="3"
      />
      <td
        className="well__cell well__cell--landed"
        key="4"
      />
      <td
        className="well__cell well__cell--landed"
        key="5"
      />
      <td
        className="well__cell well__cell--landed"
        key="6"
      />
      <td
        className="well__cell well__cell--landed"
        key="7"
      />
      <td
        className="well__cell well__cell--landed"
        key="8"
      />
      <td
        className="well__cell well__cell--landed"
        key="9"
      />
    </tr>
    <tr
      key="16"
    >
      <td
        className="well__cell well__cell--landed"
        key="0"
      />
      <td
        className="well__cell well__cell--landed"
        key="1"
      />
      <td
        className="well__cell well__cell--landed"
        key="2"
      />
      <td
        className="well__cell well__cell--landed"
        key="3"
      />
      <td
        className="well__cell well__cell--landed"
        key="4"
      />
      <td
        className="well__cell"
        key="5"
      />
      <td
        className="well__cell well__cell--landed"
        key="6"
      />
      <td
        className="well__cell well__cell--landed"
        key="7"
      />
      <td
        className="well__cell well__cell--landed"
        key="8"
      />
      <td
        className="well__cell well__cell--landed"
        key="9"
      />
    </tr>
    <tr
      key="17"
    >
      <td
        className="well__cell"
        key="0"
      />
      <td
        className="well__cell well__cell--landed"
        key="1"
      />
      <td
        className="well__cell well__cell--landed"
        key="2"
      />
      <td
        className="well__cell well__cell--landed"
        key="3"
      />
      <td
        className="well__cell well__cell--landed"
        key="4"
      />
      <td
        className="well__cell well__cell--landed"
        key="5"
      />
      <td
        className="well__cell well__cell--landed"
        key="6"
      />
      <td
        className="well__cell well__cell--landed"
        key="7"
      />
      <td
        className="well__cell well__cell--landed"
        key="8"
      />
      <td
        className="well__cell well__cell--landed"
        key="9"
      />
    </tr>
    <tr
      key="18"
    >
      <td
        className="well__cell"
        key="0"
      />
      <td
        className="well__cell well__cell--landed"
        key="1"
      />
      <td
        className="well__cell well__cell--landed"
        key="2"
      />
      <td
        className="well__cell well__cell--landed"
        key="3"
      />
      <td
        className="well__cell well__cell--landed"
        key="4"
      />
      <td
        className="well__cell well__cell--landed"
        key="5"
      />
      <td
        className="well__cell well__cell--landed"
        key="6"
      />
      <td
        className="well__cell well__cell--landed"
        key="7"
      />
      <td
        className="well__cell well__cell--landed"
        key="8"
      />
      <td
        className="well__cell well__cell--landed"
        key="9"
      />
    </tr>
    <tr
      key="19"
    >
      <td
        className="well__cell"
        key="0"
      />
      <td
        className="well__cell well__cell--landed"
        key="1"
      />
      <td
        className="well__cell"
        key="2"
      />
      <td
        className="well__cell well__cell--landed"
        key="3"
      />
      <td
        className="well__cell"
        key="4"
      />
      <td
        className="well__cell well__cell--landed"
        key="5"
      />
      <td
        className="well__cell"
        key="6"
      />
      <td
        className="well__cell well__cell--landed"
        key="7"
      />
      <td
        className="well__cell well__cell--landed"
        key="8"
      />
      <td
        className="well__cell"
        key="9"
      />
    </tr>
  </tbody>
</table>
`;

exports[`<Well> initial well state 1`] = `
<table>
  <tbody>
    <tr
      key="0"
    >
      <td
        className="well__cell"
        key="0"
      />
      <td
        className="well__cell"
        key="1"
      />
      <td
        className="well__cell"
        key="2"
      />
      <td
        className="well__cell"
        key="3"
      />
      <td
        className="well__cell"
        key="4"
      />
      <td
        className="well__cell"
        key="5"
      />
      <td
        className="well__cell"
        key="6"
      />
      <td
        className="well__cell"
        key="7"
      />
      <td
        className="well__cell"
        key="8"
      />
      <td
        className="well__cell"
        key="9"
      />
    </tr>
    <tr
      key="1"
    >
      <td
        className="well__cell"
        key="0"
      />
      <td
        className="well__cell"
        key="1"
      />
      <td
        className="well__cell"
        key="2"
      />
      <td
        className="well__cell"
        key="3"
      />
      <td
        className="well__cell"
        key="4"
      />
      <td
        className="well__cell well__cell--live"
        key="5"
      />
      <td
        className="well__cell well__cell--live"
        key="6"
      />
      <td
        className="well__cell"
        key="7"
      />
      <td
        className="well__cell"
        key="8"
      />
      <td
        className="well__cell"
        key="9"
      />
    </tr>
    <tr
      key="2"
    >
      <td
        className="well__cell"
        key="0"
      />
      <td
        className="well__cell"
        key="1"
      />
      <td
        className="well__cell"
        key="2"
      />
      <td
        className="well__cell"
        key="3"
      />
      <td
        className="well__cell well__cell--live"
        key="4"
      />
      <td
        className="well__cell well__cell--live"
        key="5"
      />
      <td
        className="well__cell"
        key="6"
      />
      <td
        className="well__cell"
        key="7"
      />
      <td
        className="well__cell"
        key="8"
      />
      <td
        className="well__cell"
        key="9"
      />
    </tr>
    <tr
      key="3"
    >
      <td
        className="well__cell"
        key="0"
      />
      <td
        className="well__cell"
        key="1"
      />
      <td
        className="well__cell"
        key="2"
      />
      <td
        className="well__cell"
        key="3"
      />
      <td
        className="well__cell"
        key="4"
      />
      <td
        className="well__cell"
        key="5"
      />
      <td
        className="well__cell"
        key="6"
      />
      <td
        className="well__cell"
        key="7"
      />
      <td
        className="well__cell"
        key="8"
      />
      <td
        className="well__cell"
        key="9"
      />
    </tr>
    <tr
      key="4"
    >
      <td
        className="well__cell well__cell--bar"
        key="0"
      />
      <td
        className="well__cell well__cell--bar"
        key="1"
      />
      <td
        className="well__cell well__cell--bar"
        key="2"
      />
      <td
        className="well__cell well__cell--bar"
        key="3"
      />
      <td
        className="well__cell well__cell--bar"
        key="4"
      />
      <td
        className="well__cell well__cell--bar"
        key="5"
      />
      <td
        className="well__cell well__cell--bar"
        key="6"
      />
      <td
        className="well__cell well__cell--bar"
        key="7"
      />
      <td
        className="well__cell well__cell--bar"
        key="8"
      />
      <td
        className="well__cell well__cell--bar"
        key="9"
      />
    </tr>
    <tr
      key="5"
    >
      <td
        className="well__cell"
        key="0"
      />
      <td
        className="well__cell"
        key="1"
      />
      <td
        className="well__cell"
        key="2"
      />
      <td
        className="well__cell"
        key="3"
      />
      <td
        className="well__cell"
        key="4"
      />
      <td
        className="well__cell"
        key="5"
      />
      <td
        className="well__cell"
        key="6"
      />
      <td
        className="well__cell"
        key="7"
      />
      <td
        className="well__cell"
        key="8"
      />
      <td
        className="well__cell"
        key="9"
      />
    </tr>
    <tr
      key="6"
    >
      <td
        className="well__cell"
        key="0"
      />
      <td
        className="well__cell"
        key="1"
      />
      <td
        className="well__cell"
        key="2"
      />
      <td
        className="well__cell"
        key="3"
      />
      <td
        className="well__cell"
        key="4"
      />
      <td
        className="well__cell"
        key="5"
      />
      <td
        className="well__cell"
        key="6"
      />
      <td
        className="well__cell"
        key="7"
      />
      <td
        className="well__cell"
        key="8"
      />
      <td
        className="well__cell"
        key="9"
      />
    </tr>
    <tr
      key="7"
    >
      <td
        className="well__cell"
        key="0"
      />
      <td
        className="well__cell"
        key="1"
      />
      <td
        className="well__cell"
        key="2"
      />
      <td
        className="well__cell"
        key="3"
      />
      <td
        className="well__cell"
        key="4"
      />
      <td
        className="well__cell"
        key="5"
      />
      <td
        className="well__cell"
        key="6"
      />
      <td
        className="well__cell"
        key="7"
      />
      <td
        className="well__cell"
        key="8"
      />
      <td
        className="well__cell"
        key="9"
      />
    </tr>
    <tr
      key="8"
    >
      <td
        className="well__cell"
        key="0"
      />
      <td
        className="well__cell"
        key="1"
      />
      <td
        className="well__cell"
        key="2"
      />
      <td
        className="well__cell"
        key="3"
      />
      <td
        className="well__cell"
        key="4"
      />
      <td
        className="well__cell"
        key="5"
      />
      <td
        className="well__cell"
        key="6"
      />
      <td
        className="well__cell"
        key="7"
      />
      <td
        className="well__cell"
        key="8"
      />
      <td
        className="well__cell"
        key="9"
      />
    </tr>
    <tr
      key="9"
    >
      <td
        className="well__cell"
        key="0"
      />
      <td
        className="well__cell"
        key="1"
      />
      <td
        className="well__cell"
        key="2"
      />
      <td
        className="well__cell"
        key="3"
      />
      <td
        className="well__cell"
        key="4"
      />
      <td
        className="well__cell"
        key="5"
      />
      <td
        className="well__cell"
        key="6"
      />
      <td
        className="well__cell"
        key="7"
      />
      <td
        className="well__cell"
        key="8"
      />
      <td
        className="well__cell"
        key="9"
      />
    </tr>
    <tr
      key="10"
    >
      <td
        className="well__cell"
        key="0"
      />
      <td
        className="well__cell"
        key="1"
      />
      <td
        className="well__cell"
        key="2"
      />
      <td
        className="well__cell"
        key="3"
      />
      <td
        className="well__cell"
        key="4"
      />
      <td
        className="well__cell"
        key="5"
      />
      <td
        className="well__cell"
        key="6"
      />
      <td
        className="well__cell"
        key="7"
      />
      <td
        className="well__cell"
        key="8"
      />
      <td
        className="well__cell"
        key="9"
      />
    </tr>
    <tr
      key="11"
    >
      <td
        className="well__cell"
        key="0"
      />
      <td
        className="well__cell"
        key="1"
      />
      <td
        className="well__cell"
        key="2"
      />
      <td
        className="well__cell"
        key="3"
      />
      <td
        className="well__cell"
        key="4"
      />
      <td
        className="well__cell"
        key="5"
      />
      <td
        className="well__cell"
        key="6"
      />
      <td
        className="well__cell"
        key="7"
      />
      <td
        className="well__cell"
        key="8"
      />
      <td
        className="well__cell"
        key="9"
      />
    </tr>
    <tr
      key="12"
    >
      <td
        className="well__cell"
        key="0"
      />
      <td
        className="well__cell"
        key="1"
      />
      <td
        className="well__cell"
        key="2"
      />
      <td
        className="well__cell"
        key="3"
      />
      <td
        className="well__cell"
        key="4"
      />
      <td
        className="well__cell"
        key="5"
      />
      <td
        className="well__cell"
        key="6"
      />
      <td
        className="well__cell"
        key="7"
      />
      <td
        className="well__cell"
        key="8"
      />
      <td
        className="well__cell"
        key="9"
      />
    </tr>
    <tr
      key="13"
    >
      <td
        className="well__cell"
        key="0"
      />
      <td
        className="well__cell"
        key="1"
      />
      <td
        className="well__cell"
        key="2"
      />
      <td
        className="well__cell"
        key="3"
      />
      <td
        className="well__cell"
        key="4"
      />
      <td
        className="well__cell"
        key="5"
      />
      <td
        className="well__cell"
        key="6"
      />
      <td
        className="well__cell"
        key="7"
      />
      <td
        className="well__cell"
        key="8"
      />
      <td
        className="well__cell"
        key="9"
      />
    </tr>
    <tr
      key="14"
    >
      <td
        className="well__cell"
        key="0"
      />
      <td
        className="well__cell"
        key="1"
      />
      <td
        className="well__cell"
        key="2"
      />
      <td
        className="well__cell"
        key="3"
      />
      <td
        className="well__cell"
        key="4"
      />
      <td
        className="well__cell"
        key="5"
      />
      <td
        className="well__cell"
        key="6"
      />
      <td
        className="well__cell"
        key="7"
      />
      <td
        className="well__cell"
        key="8"
      />
      <td
        className="well__cell"
        key="9"
      />
    </tr>
    <tr
      key="15"
    >
      <td
        className="well__cell"
        key="0"
      />
      <td
        className="well__cell"
        key="1"
      />
      <td
        className="well__cell"
        key="2"
      />
      <td
        className="well__cell"
        key="3"
      />
      <td
        className="well__cell"
        key="4"
      />
      <td
        className="well__cell"
        key="5"
      />
      <td
        className="well__cell"
        key="6"
      />
      <td
        className="well__cell"
        key="7"
      />
      <td
        className="well__cell"
        key="8"
      />
      <td
        className="well__cell"
        key="9"
      />
    </tr>
    <tr
      key="16"
    >
      <td
        className="well__cell"
        key="0"
      />
      <td
        className="well__cell"
        key="1"
      />
      <td
        className="well__cell"
        key="2"
      />
      <td
        className="well__cell"
        key="3"
      />
      <td
        className="well__cell"
        key="4"
      />
      <td
        className="well__cell"
        key="5"
      />
      <td
        className="well__cell"
        key="6"
      />
      <td
        className="well__cell"
        key="7"
      />
      <td
        className="well__cell"
        key="8"
      />
      <td
        className="well__cell"
        key="9"
      />
    </tr>
    <tr
      key="17"
    >
      <td
        className="well__cell"
        key="0"
      />
      <td
        className="well__cell"
        key="1"
      />
      <td
        className="well__cell"
        key="2"
      />
      <td
        className="well__cell"
        key="3"
      />
      <td
        className="well__cell"
        key="4"
      />
      <td
        className="well__cell"
        key="5"
      />
      <td
        className="well__cell"
        key="6"
      />
      <td
        className="well__cell"
        key="7"
      />
      <td
        className="well__cell"
        key="8"
      />
      <td
        className="well__cell"
        key="9"
      />
    </tr>
    <tr
      key="18"
    >
      <td
        className="well__cell"
        key="0"
      />
      <td
        className="well__cell"
        key="1"
      />
      <td
        className="well__cell"
        key="2"
      />
      <td
        className="well__cell"
        key="3"
      />
      <td
        className="well__cell"
        key="4"
      />
      <td
        className="well__cell"
        key="5"
      />
      <td
        className="well__cell"
        key="6"
      />
      <td
        className="well__cell"
        key="7"
      />
      <td
        className="well__cell"
        key="8"
      />
      <td
        className="well__cell"
        key="9"
      />
    </tr>
    <tr
      key="19"
    >
      <td
        className="well__cell"
        key="0"
      />
      <td
        className="well__cell"
        key="1"
      />
      <td
        className="well__cell"
        key="2"
      />
      <td
        className="well__cell"
        key="3"
      />
      <td
        className="well__cell"
        key="4"
      />
      <td
        className="well__cell"
        key="5"
      />
      <td
        className="well__cell"
        key="6"
      />
      <td
        className="well__cell"
        key="7"
      />
      <td
        className="well__cell"
        key="8"
      />
      <td
        className="well__cell"
        key="9"
      />
    </tr>
  </tbody>
</table>
`;

exports[`<Well> null well state 1`] = `
<table>
  <tbody>
    <tr
      key="0"
    >
      <td
        className="well__cell"
        key="0"
      />
      <td
        className="well__cell"
        key="1"
      />
      <td
        className="well__cell"
        key="2"
      />
      <td
        className="well__cell"
        key="3"
      />
      <td
        className="well__cell"
        key="4"
      />
      <td
        className="well__cell"
        key="5"
      />
      <td
        className="well__cell"
        key="6"
      />
      <td
        className="well__cell"
        key="7"
      />
      <td
        className="well__cell"
        key="8"
      />
      <td
        className="well__cell"
        key="9"
      />
    </tr>
    <tr
      key="1"
    >
      <td
        className="well__cell"
        key="0"
      />
      <td
        className="well__cell"
        key="1"
      />
      <td
        className="well__cell"
        key="2"
      />
      <td
        className="well__cell"
        key="3"
      />
      <td
        className="well__cell"
        key="4"
      />
      <td
        className="well__cell"
        key="5"
      />
      <td
        className="well__cell"
        key="6"
      />
      <td
        className="well__cell"
        key="7"
      />
      <td
        className="well__cell"
        key="8"
      />
      <td
        className="well__cell"
        key="9"
      />
    </tr>
    <tr
      key="2"
    >
      <td
        className="well__cell"
        key="0"
      />
      <td
        className="well__cell"
        key="1"
      />
      <td
        className="well__cell"
        key="2"
      />
      <td
        className="well__cell"
        key="3"
      />
      <td
        className="well__cell"
        key="4"
      />
      <td
        className="well__cell"
        key="5"
      />
      <td
        className="well__cell"
        key="6"
      />
      <td
        className="well__cell"
        key="7"
      />
      <td
        className="well__cell"
        key="8"
      />
      <td
        className="well__cell"
        key="9"
      />
    </tr>
    <tr
      key="3"
    >
      <td
        className="well__cell"
        key="0"
      />
      <td
        className="well__cell"
        key="1"
      />
      <td
        className="well__cell"
        key="2"
      />
      <td
        className="well__cell"
        key="3"
      />
      <td
        className="well__cell"
        key="4"
      />
      <td
        className="well__cell"
        key="5"
      />
      <td
        className="well__cell"
        key="6"
      />
      <td
        className="well__cell"
        key="7"
      />
      <td
        className="well__cell"
        key="8"
      />
      <td
        className="well__cell"
        key="9"
      />
    </tr>
    <tr
      key="4"
    >
      <td
        className="well__cell well__cell--bar"
        key="0"
      />
      <td
        className="well__cell well__cell--bar"
        key="1"
      />
      <td
        className="well__cell well__cell--bar"
        key="2"
      />
      <td
        className="well__cell well__cell--bar"
        key="3"
      />
      <td
        className="well__cell well__cell--bar"
        key="4"
      />
      <td
        className="well__cell well__cell--bar"
        key="5"
      />
      <td
        className="well__cell well__cell--bar"
        key="6"
      />
      <td
        className="well__cell well__cell--bar"
        key="7"
      />
      <td
        className="well__cell well__cell--bar"
        key="8"
      />
      <td
        className="well__cell well__cell--bar"
        key="9"
      />
    </tr>
    <tr
      key="5"
    >
      <td
        className="well__cell"
        key="0"
      />
      <td
        className="well__cell"
        key="1"
      />
      <td
        className="well__cell"
        key="2"
      />
      <td
        className="well__cell"
        key="3"
      />
      <td
        className="well__cell"
        key="4"
      />
      <td
        className="well__cell"
        key="5"
      />
      <td
        className="well__cell"
        key="6"
      />
      <td
        className="well__cell"
        key="7"
      />
      <td
        className="well__cell"
        key="8"
      />
      <td
        className="well__cell"
        key="9"
      />
    </tr>
    <tr
      key="6"
    >
      <td
        className="well__cell"
        key="0"
      />
      <td
        className="well__cell"
        key="1"
      />
      <td
        className="well__cell"
        key="2"
      />
      <td
        className="well__cell"
        key="3"
      />
      <td
        className="well__cell"
        key="4"
      />
      <td
        className="well__cell"
        key="5"
      />
      <td
        className="well__cell"
        key="6"
      />
      <td
        className="well__cell"
        key="7"
      />
      <td
        className="well__cell"
        key="8"
      />
      <td
        className="well__cell"
        key="9"
      />
    </tr>
    <tr
      key="7"
    >
      <td
        className="well__cell"
        key="0"
      />
      <td
        className="well__cell"
        key="1"
      />
      <td
        className="well__cell"
        key="2"
      />
      <td
        className="well__cell"
        key="3"
      />
      <td
        className="well__cell"
        key="4"
      />
      <td
        className="well__cell"
        key="5"
      />
      <td
        className="well__cell"
        key="6"
      />
      <td
        className="well__cell"
        key="7"
      />
      <td
        className="well__cell"
        key="8"
      />
      <td
        className="well__cell"
        key="9"
      />
    </tr>
    <tr
      key="8"
    >
      <td
        className="well__cell"
        key="0"
      />
      <td
        className="well__cell"
        key="1"
      />
      <td
        className="well__cell"
        key="2"
      />
      <td
        className="well__cell"
        key="3"
      />
      <td
        className="well__cell"
        key="4"
      />
      <td
        className="well__cell"
        key="5"
      />
      <td
        className="well__cell"
        key="6"
      />
      <td
        className="well__cell"
        key="7"
      />
      <td
        className="well__cell"
        key="8"
      />
      <td
        className="well__cell"
        key="9"
      />
    </tr>
    <tr
      key="9"
    >
      <td
        className="well__cell"
        key="0"
      />
      <td
        className="well__cell"
        key="1"
      />
      <td
        className="well__cell"
        key="2"
      />
      <td
        className="well__cell"
        key="3"
      />
      <td
        className="well__cell"
        key="4"
      />
      <td
        className="well__cell"
        key="5"
      />
      <td
        className="well__cell"
        key="6"
      />
      <td
        className="well__cell"
        key="7"
      />
      <td
        className="well__cell"
        key="8"
      />
      <td
        className="well__cell"
        key="9"
      />
    </tr>
    <tr
      key="10"
    >
      <td
        className="well__cell"
        key="0"
      />
      <td
        className="well__cell"
        key="1"
      />
      <td
        className="well__cell"
        key="2"
      />
      <td
        className="well__cell"
        key="3"
      />
      <td
        className="well__cell"
        key="4"
      />
      <td
        className="well__cell"
        key="5"
      />
      <td
        className="well__cell"
        key="6"
      />
      <td
        className="well__cell"
        key="7"
      />
      <td
        className="well__cell"
        key="8"
      />
      <td
        className="well__cell"
        key="9"
      />
    </tr>
    <tr
      key="11"
    >
      <td
        className="well__cell"
        key="0"
      />
      <td
        className="well__cell"
        key="1"
      />
      <td
        className="well__cell"
        key="2"
      />
      <td
        className="well__cell"
        key="3"
      />
      <td
        className="well__cell"
        key="4"
      />
      <td
        className="well__cell"
        key="5"
      />
      <td
        className="well__cell"
        key="6"
      />
      <td
        className="well__cell"
        key="7"
      />
      <td
        className="well__cell"
        key="8"
      />
      <td
        className="well__cell"
        key="9"
      />
    </tr>
    <tr
      key="12"
    >
      <td
        className="well__cell"
        key="0"
      />
      <td
        className="well__cell"
        key="1"
      />
      <td
        className="well__cell"
        key="2"
      />
      <td
        className="well__cell"
        key="3"
      />
      <td
        className="well__cell"
        key="4"
      />
      <td
        className="well__cell"
        key="5"
      />
      <td
        className="well__cell"
        key="6"
      />
      <td
        className="well__cell"
        key="7"
      />
      <td
        className="well__cell"
        key="8"
      />
      <td
        className="well__cell"
        key="9"
      />
    </tr>
    <tr
      key="13"
    >
      <td
        className="well__cell"
        key="0"
      />
      <td
        className="well__cell"
        key="1"
      />
      <td
        className="well__cell"
        key="2"
      />
      <td
        className="well__cell"
        key="3"
      />
      <td
        className="well__cell"
        key="4"
      />
      <td
        className="well__cell"
        key="5"
      />
      <td
        className="well__cell"
        key="6"
      />
      <td
        className="well__cell"
        key="7"
      />
      <td
        className="well__cell"
        key="8"
      />
      <td
        className="well__cell"
        key="9"
      />
    </tr>
    <tr
      key="14"
    >
      <td
        className="well__cell"
        key="0"
      />
      <td
        className="well__cell"
        key="1"
      />
      <td
        className="well__cell"
        key="2"
      />
      <td
        className="well__cell"
        key="3"
      />
      <td
        className="well__cell"
        key="4"
      />
      <td
        className="well__cell"
        key="5"
      />
      <td
        className="well__cell"
        key="6"
      />
      <td
        className="well__cell"
        key="7"
      />
      <td
        className="well__cell"
        key="8"
      />
      <td
        className="well__cell"
        key="9"
      />
    </tr>
    <tr
      key="15"
    >
      <td
        className="well__cell"
        key="0"
      />
      <td
        className="well__cell"
        key="1"
      />
      <td
        className="well__cell"
        key="2"
      />
      <td
        className="well__cell"
        key="3"
      />
      <td
        className="well__cell"
        key="4"
      />
      <td
        className="well__cell"
        key="5"
      />
      <td
        className="well__cell"
        key="6"
      />
      <td
        className="well__cell"
        key="7"
      />
      <td
        className="well__cell"
        key="8"
      />
      <td
        className="well__cell"
        key="9"
      />
    </tr>
    <tr
      key="16"
    >
      <td
        className="well__cell"
        key="0"
      />
      <td
        className="well__cell"
        key="1"
      />
      <td
        className="well__cell"
        key="2"
      />
      <td
        className="well__cell"
        key="3"
      />
      <td
        className="well__cell"
        key="4"
      />
      <td
        className="well__cell"
        key="5"
      />
      <td
        className="well__cell"
        key="6"
      />
      <td
        className="well__cell"
        key="7"
      />
      <td
        className="well__cell"
        key="8"
      />
      <td
        className="well__cell"
        key="9"
      />
    </tr>
    <tr
      key="17"
    >
      <td
        className="well__cell"
        key="0"
      />
      <td
        className="well__cell"
        key="1"
      />
      <td
        className="well__cell"
        key="2"
      />
      <td
        className="well__cell"
        key="3"
      />
      <td
        className="well__cell"
        key="4"
      />
      <td
        className="well__cell"
        key="5"
      />
      <td
        className="well__cell"
        key="6"
      />
      <td
        className="well__cell"
        key="7"
      />
      <td
        className="well__cell"
        key="8"
      />
      <td
        className="well__cell"
        key="9"
      />
    </tr>
    <tr
      key="18"
    >
      <td
        className="well__cell"
        key="0"
      />
      <td
        className="well__cell"
        key="1"
      />
      <td
        className="well__cell"
        key="2"
      />
      <td
        className="well__cell"
        key="3"
      />
      <td
        className="well__cell"
        key="4"
      />
      <td
        className="well__cell"
        key="5"
      />
      <td
        className="well__cell"
        key="6"
      />
      <td
        className="well__cell"
        key="7"
      />
      <td
        className="well__cell"
        key="8"
      />
      <td
        className="well__cell"
        key="9"
      />
    </tr>
    <tr
      key="19"
    >
      <td
        className="well__cell"
        key="0"
      />
      <td
        className="well__cell"
        key="1"
      />
      <td
        className="well__cell"
        key="2"
      />
      <td
        className="well__cell"
        key="3"
      />
      <td
        className="well__cell"
        key="4"
      />
      <td
        className="well__cell"
        key="5"
      />
      <td
        className="well__cell"
        key="6"
      />
      <td
        className="well__cell"
        key="7"
      />
      <td
        className="well__cell"
        key="8"
      />
      <td
        className="well__cell"
        key="9"
      />
    </tr>
  </tbody>
</table>
`;
